property key ${ws:handshakeKey()}
property writeMask ${ws:randomBytes(4)}

connect http://localhost:8001/echo
connected

write method "GET"
write version "HTTP/1.1"
write header host
write header "Upgrade" "websocket"
write header "Connection" "Upgrade"
write header "Sec-WebSocket-Key" ${key}
write header "Sec-WebSocket-Version" "13"
write header "Sec-WebSocket-Extensions" "x-kaazing-idle-timeout"

read status "101" /.+/
read version "HTTP/1.1"
read header "Upgrade" /(?i:websocket)/
read header "Connection" /(?i:Upgrade)/
read header "Sec-WebSocket-Accept" ${ws:handshakeHash(key)}
read header "Sec-WebSocket-Extensions" "x-kaazing-idle-timeout; timeout=2000"

################################################################
# Expect PING @ TICK_ONE
# Read PING
read [0x89 0x00]

# Send PONG response
write [0x8a 0x80] ${writeMask}
################################################################
# Expect PING @ TICK_TWO
# Read PING
read [0x89 0x00]

# Send PONG response
write [0x8a 0x80] ${writeMask}
################################################################

# Do clean close
write [0x88 0x80] ${writeMask}
read [0x88 0x00]

closed
