property key ${ws:handshakeKey()}
property writeMask ${ws:randomBytes(4)}

connect http://localhost:8001/echo
connected

write method "GET"
write version "HTTP/1.1"
write header host
write header "Upgrade" "websocket"
write header "Connection" "Upgrade"
write header "Sec-WebSocket-Key" ${key}
write header "Sec-WebSocket-Version" "13"
write header "Sec-WebSocket-Extensions" "x-kaazing-idle-timeout"

read status "101" /.+/
read version "HTTP/1.1"
read header "Upgrade" /(?i:websocket)/
read header "Connection" /(?i:Upgrade)/
read header "Sec-WebSocket-Accept" ${ws:handshakeHash(key)}
read header "Sec-WebSocket-Extensions" "x-kaazing-idle-timeout; timeout=2000"

################################################################
# Send random data from client
write [0x82 0x02 0x11 0x11]

# Expect PONG @ TICK_ONE
read [0x8a 0x00]
################################################################
# Send random data from client
write [0x82 0x02 0x11 0x11]

# Expect PONG @ TICK_TWO
read [0x8a 0x00]
################################################################

# Close the ws connection cleanly
write [0x88 0x80] ${writeMask}
read [0x88 0x00]

closed
