accept http://localhost:8000/connections

accepted
connected

read method "POST"
read header "Accept" "application/octet-stream"
read header "X-Protocol" "bbosh/1.0"
read header "X-Accept-Strategy" "streaming;request=chunked"
read closed

write status "201" "Created"
write header "Cache-Control" "no-cache"
write header "Location" "/connections/ac32fb3844fe11e4a183164230d1df67"
write header "X-Strategy" "streaming;encoding=chunked"
write header content-length
write close

accept http://localhost:8000/connections/ac32fb3844fe11e4a183164230d1df67

accepted
connected

read method "PUT"
read header "Accept" "application/octet-stream"
read header "Content-Type" "application/octet-stream"
read header "Transfer-Encoding" "chunked"
read header "X-Sequence-No" "1"

write status "200" "OK"
write header "Cache-Control" "no-cache"
write header "Content-Type" "application/octet-stream"
write header "Transfer-Encoding" "chunked"

read "Hello,"
write "Hello,"

read " world"
write " world"

write close
read closed
