#
# Copyright 2007-2015, Kaazing Corporation. All rights reserved.
#
# Licensed under the Apache License, Version 2.0 (the "License");
# you may not use this file except in compliance with the License.
# You may obtain a copy of the License at
#
# http://www.apache.org/licenses/LICENSE-2.0
#
# Unless required by applicable law or agreed to in writing, software
# distributed under the License is distributed on an "AS IS" BASIS,
# WITHOUT WARRANTIES OR CONDITIONS OF ANY KIND, either express or implied.
# See the License for the specific language governing permissions and
# limitations under the License.
#

accept "http://localhost:8001/echo"
accepted
connected
read http:method "GET"
read http:header "Upgrade" "websocket" 
read http:header "Connection" "Upgrade" 
read http:header "Host" "localhost:8001" 
read http:header "Origin" "http://localhost:8001" 
read http:header "Sec-WebSocket-Key" "uoH83mU2xzVTb+Gw6YWVJg==" 
read http:header "Sec-WebSocket-Version" "13" 

write http:status "101" "WebSocket Protocol Handshake"
write http:header "Connection" "Upgrade"
write http:header "Date" "Tue, 15 Apr 2014 01:13:18 GMT"
write http:header "Sec-WebSocket-Accept" "TXCKJSpylVJ7v9ZGLGbt58vypzE="
write http:header "Server" "Kaazing Gateway"
write http:header "Upgrade" "websocket"

# Response WS Connection Close
write [0x88 0x02 0x03 0xE8]

# Request WS Connection Close
read [0x88 0x02 0x03 0xE8] 

close
closed
