property key ${ws:handshakeKey()}
property writeMaskA ${ws:randomBytes(4)}
property writeMaskB ${ws:randomBytes(4)}
property client125 ${ws:randomBytesUnalignedUTF8(125, 25)}
property client25 ${ws:copyOfRange(client125, 0, 25)}
property client100 ${ws:copyOfRange(client125, 25, 125)}

connect http://localhost:8080/echo
connected

write method "GET"
write version "HTTP/1.1"
write header host
write header "Upgrade" "websocket"
write header "Connection" "Upgrade"
write header "Sec-WebSocket-Key" ${key}
write header "Sec-WebSocket-Version" "13"

read status "101" /.+/
read version "HTTP/1.1"
read header "Upgrade" /(?i:websocket)/
read header "Connection" /(?i:Upgrade)/
read header "Sec-WebSocket-Accept" ${ws:handshakeHash(key)}

write [0x01 0x99] ${writeMaskA}
write option mask ${writeMaskA}
write ${client25}
write option mask [0x00 0x00 0x00 0x00]

write [0x80 0xe4] ${writeMaskB}
write option mask ${writeMaskB}
write ${client100}
write option mask [0x00 0x00 0x00 0x00]

read [0x81 0x7d] ${client125}
