connect http://localhost:8000/connections
connected

write method "POST"
write header "Accept" "application/octet-stream"
write header content-length
write header "X-Protocol" "bbosh/1.0"
write header "X-Accept-Strategy" "long-polling;interval=30s;requests=5"
write close

read status "201" "Created"
read header "Cache-Control" "no-cache"
read header "Content-Type" "application/octet-stream"
read header "Location" "/connections/ac32fb3844fe11e4a183164230d1df67"
read header "X-Strategy" "long-polling;interval=30s;requests=2"
read closed
read notify CONNECT_ONE

connect http://localhost:8000/connections/ac32fb3844fe11e4a183164230d1df67
connected

write await CONNECT_ONE
write method "PUT"
write header "Accept" "application/octet-stream"
write header "Content-Type" "application/octet-stream"
write header content-length
write header "X-Sequence-No" "1"
write "Hello, world"
write close

read status "200" "OK"
read header "Cache-Control" "no-cache"
read header "Content-Type" "application/octet-stream"
read "Hello, world"
read closed
read notify CONNECT_TWO

connect http://localhost:8000/connections/ac32fb3844fe11e4a183164230d1df67
connected

write await CONNECT_TWO
write method "DELETE"
write header "Accept" "application/octet-stream"
write header "X-Sequence-No" "2"
write header content-length
write close

read status "404" "Closed"
read header "Cache-Control" "no-cache"
read closed
