#
# Copyright 2007-2015, Kaazing Corporation. All rights reserved.
#
# Licensed under the Apache License, Version 2.0 (the "License");
# you may not use this file except in compliance with the License.
# You may obtain a copy of the License at
#
# http://www.apache.org/licenses/LICENSE-2.0
#
# Unless required by applicable law or agreed to in writing, software
# distributed under the License is distributed on an "AS IS" BASIS,
# WITHOUT WARRANTIES OR CONDITIONS OF ANY KIND, either express or implied.
# See the License for the specific language governing permissions and
# limitations under the License.
#

accept tcp://localhost:8080
accepted
connected

##1
read [0x16]
read [0x03] [0x03]
read [0x00] [0x2a]

read [0x01]
read [0x00] [0x00] [0x26]
read [0x03] [0x03]
read ([0..4]:unixTime) ([0..28]:randomBytes)
read [0x00]
read [0x00] [0x00]
read [0x00]

##2
#Content Type
write [0x16]
write [0x03] [0x03]
write [0x00] [0x2a]

#Body Server Hello
write [0x02]
write [0x00] [0x00] [0x26]
write [0x03] [0x03]
write ${tls:gmt_unix_time()} ${tls:randomBytesUTF8(28)}
write [0x00]
write [0x00] [0x00]
write [0x00]

#Content Type
write [0x16]
write [0x03] [0x03]
write [0x00] [0x07]
#Body Certificate
write [0x0b]
write [0x00] [0x00] [0x03]
write [0x00] [0x00] [0x00]

#Content Type
write [0x16]
write [0x03] [0x03]
write [0x00] [0x04]
#Body Server Key Exchange
write [0x0c]
write [0x00] [0x00] [0x00]

#Content Type
write [0x16]
write [0x03] [0x03]
write [0x00] [0x05]
#Body Certificate Request
write [0x0d]
write [0x00] [0x00] [0x01]
write [0x00]

#Content Type
write [0x16]
write [0x03] [0x03]
write [0x00] [0x04]
#Body Server Hello Done
write [0x0e]
write [0x00] [0x00] [0x00]

##3
read [0x16]
read [0x03] [0x03]
read [0x00] [0x07]
read [0x0b]
read [0x00] [0x00] [0x03]
read [0x00] [0x00] [0x00]

read [0x16]
read [0x03] [0x03]
read [0x00] [0x04]
read [0x10]
read [0x00] [0x00] [0x00]

read [0x16]
read [0x03] [0x03]
read [0x00] [0x04]
read [0x0f]
read [0x00] [0x00] [0x9d]

read [0x16]
read [0x03] [0x03]
read [0x00] [0x04]
read [0x14]
read [0x00] [0x00] [0x00]

##4
#Content Type
write [0x16]
write [0x03] [0x03]
write [0x00] [0x04]
#Server Finished
write [0x14]
write [0x00] [0x00] [0x00]

##5 DATA CONNECTION

closed



