property upstreamId ${wse:uniqueId()}
property downstreamId ${wse:uniqueId()}
property upstream ${wse:append("http://localhost:8080/path/", upstreamId)}
property downstream ${wse:append("http://localhost:8080/path/", downstreamId)}

accept http://localhost:8080/path/;e/cb?query
accepted
connected

read method "POST"
read version "HTTP/1.1"
read header "X-WebSocket-Version" "wseb-1.0"
read header "X-Accept-Commands" "ping"
read header "X-Sequence-No" /(?<sequence>[0-9]{1,3})/
read closed

write status "201" "Created" 
write version "HTTP/1.1"
write header "X-WebSocket-Version" "wseb-1.0"
write header "Content-Type" "text/plain;charset=utf-8"
write header content-length

write ${upstream} "\n"
write ${downstream} "\n"
write close

# Downstream
accept ${downstream}
accepted
connected

read method "GET"
read version "HTTP/1.1"
read header "X-Sequence-No" ${wse:asString(sequence + 1)}
read closed

write status "200" "OK"
write version "HTTP/1.1"
write header "Content-Type" "application/octet-stream"
write header "Connection" "close"
write flush

# Downstream Out of Order
accepted
connected

read method "GET"
read version "HTTP/1.1"
read header "X-Sequence-No" ${wse:asString(sequence + 3)}
read closed
read notify OUT_OF_ORDER_REQUEST_RECEIVED

write status "400" "Bad Request" 
write header content-length
write close
