property writeMask ${httpx:randomBytes(4)}
connect http://localhost:8000/echo
connected

write method "GET"
write version "HTTP/1.1"
write header host
write header "Upgrade" "websocket"
write header "Connection" "Upgrade"
write header "Sec-WebSocket-Key" "dGhlIHNhbXBsZSBub25jZQ=="
write header "Sec-WebSocket-Version" "13"
write header "Sec-WebSocket-Protocol" "x-kaazing-handshake"

read status "101" /.+/
read version "HTTP/1.1"
read header "Upgrade" "websocket"
read header "Connection" "Upgrade"
read header "Sec-WebSocket-Accept" "s3pPLMBiTxaQ9kYGzzhZRbK+xOo="
read header "Sec-WebSocket-Protocol" "x-kaazing-handshake"
read header "Server" /.+/
read header "Date" /.+/

write [0x82 0x96] ${writeMask}
write option mask ${writeMask}
write "GET /echo HTTP/1.1\r\n"
write "\r\n"
write option mask [0x00 0x00 0x00 0x00]

# 101 OK response
read [0x82 0x7E 0x00 0xC9]
read /HTTP\/1.1 101.+\r\n/
read "Connection: Upgrade\r\n"
read /Date:.+\r\n/
read "Sec-WebSocket-Accept: s3pPLMBiTxaQ9kYGzzhZRbK+xOo=\r\n"
read /Server:.+\r\n/
read "Upgrade: websocket\r\n"
read "\r\n"

