property upstreamId ${wse:uniqueId()}
property downstreamId ${wse:uniqueId()}
property upstream ${wse:append("http://localhost:8080/path/", upstreamId)}
property downstream ${wse:append("http://localhost:8080/path/", downstreamId)}

property data ${wse:randomBytes(127)}

accept http://localhost:8080/path/;e/cb?query
accepted
connected

read method "POST"
read version "HTTP/1.1"
read header "X-WebSocket-Version" "wseb-1.0"
read header "X-Sequence-No" /(?<sequence>[0-9]{1,3})/
read closed

write status "201" "Created" 
write version "HTTP/1.1"
write header "X-WebSocket-Version" "wseb-1.0"
write header "Content-Type" "text/plain;charset=utf-8"
write header content-length

write ${upstream} "\n"
write ${downstream} "\n"
write notify CREATE_COMPLETED
write close

# Downstream
accept ${downstream}
accepted
connected

read await CREATE_COMPLETED
read method "GET"
read version "HTTP/1.1"
read header "X-Sequence-No" ${wse:asString(sequence + 1)}
read closed

write status "200" "OK"
write version "HTTP/1.1"
write header "Content-Type" "application/octet-stream"
write header "Connection" "close"
write flush
write notify DOWNSTREAM_OPENED

write await LONG_POLLING_REQUEST_RECEIVED
write [0x80 0x7f] ${data}
write [0x01 0x30 0x31 0xFF]
write close
write notify DOWNSTREAM_CLOSED 


# Overlapping Downstream (Longpolling)
accepted
connected

read await DOWNSTREAM_OPENED
read parameter ".ki" "p"
read method "GET"
read version "HTTP/1.1"
read header "X-Sequence-No" ${wse:asString(sequence + 2)}
read closed
read notify LONG_POLLING_REQUEST_RECEIVED

write await DOWNSTREAM_CLOSED
write status "200" "OK"
write version "HTTP/1.1"
write header "Content-Type" "application/octet-stream"
write header content-length

write [0x80 0x7f] ${data}
write [0x01 0x30 0x31 0xFF]
write close
