#
# Copyright 2007-2015, Kaazing Corporation. All rights reserved.
#
# Licensed under the Apache License, Version 2.0 (the "License");
# you may not use this file except in compliance with the License.
# You may obtain a copy of the License at
#
# http://www.apache.org/licenses/LICENSE-2.0
#
# Unless required by applicable law or agreed to in writing, software
# distributed under the License is distributed on an "AS IS" BASIS,
# WITHOUT WARRANTIES OR CONDITIONS OF ANY KIND, either express or implied.
# See the License for the specific language governing permissions and
# limitations under the License.
#

property connectURI "tcp://localhost:3478"
connect ${connectURI}
connected

##Allocation request
#STUN Message type | Message Length (***CONFIRM***)
write [0x00] [0x03] [0x00] [0x14]
#Magic Cookie (fixed required value 0x2112A442)
write [0x21] [0x12] [0xa4] [0x42]
#Transaction ID (96-bit identifier|unique)
write ${turn:generateTransactionId()}
#Attribute Lifetime (Type 2 byte|Length 2 byte|Value x byte - must end on 4 byte boundary)
write [0x00] [0x0d] [0x00] [0x04]
write [0x00] [0x00] [0x0e] [0x10] #3600 seconds
#Attribute Requested Transport (Type|Length|Value)
write [0x00] [0x19] [0x00] [0x01]
write [0x11] [0x00] [0x00] [0x00] #UDP is 17
#Attribute Don't Fragment (Type|Length|Value)
write [0x00] [0x1a] [0x00] [0x00]

#401 Allocation error response
read [0x01] [0x13] [0x00] [0x48]
read [0x21] [0x12] [0xa4] [0x42]
read ([0..12]:transactionID)
#Attributes
read [0x00] [0x09] [0x00] [0x10]
read [0x00] [0x00] [0x04] [0x01]
read "Unauthorized"
#Attributes
read [0x00] [0x14] [0x00] [0x0b]
read ([0..11]:realm) [0x00]
#Attributes
read [0x00] [0x15] [0x00] [0x20]
read ([0..32]:nonce)

##Allocation request (w/ cred)
write [0x00] [0x03] [0x00] [0x74]
write [0x21] [0x12] [0xa4] [0x42]
write ${turn:generateTransactionId()}
#Attributes
write [0x00] [0x0d] [0x00] [0x04]
write [0x00] [0x00] [0x0e] [0x10]
write [0x00] [0x19] [0x00] [0x01]
write [0x11] [0x00] [0x00] [0x00]
write [0x00] [0x1a] [0x00] [0x00]
write [0x00] [0x06] [0x00] [0x0d]
write "wrongusername" [0x00] [0x00] [0x00]
write [0x00] [0x14] [0x00] [0x0b]
write ${realm} [0x00]
write [0x00] [0x15] [0x00] [0x20]
write ${nonce}
#Attribute Message-Integrity
write [0x00] [0x08] [0x00] [0x14]
write ${turn:messageDigestHMACEncoding("wrong-username:example.com:wrong-password")}

#441 Allocate Error Response
read [0x01] [0x13] [0x00] [0x1c]
read [0x21] [0x12] [0xa4] [0x42]
read ${transactionID}
#Attributes
read [0x00] [0x09] [0x00] [0x15]
read [0x00] [0x00] [0x04] [0x29]
read "Wrong Credentials" [0x00] [0x00] [0x00]



