accept tcp://localhost:12345
accepted
connected

read "PREPARE\n"
read "version:2.0\n"
read "name:org/kaazing/specification/control/assets/server\n"
read "name:org/kaazing/specification/control/assets/client.with.barriers\n"
read "\n"

write "PREPARED\n"
write "barrier:AWAITING_BARRIER\n"
write "barrier:NOTIFYING_BARRIER\n"
write "content-length:233\n"
write "\n"
write "# server\n"
write "accept tcp://localhost:8000\n"
write "accepted\n"
write "connected\n"
write "read \"echo\"\n"
write "write \"echo\"\n"
write "close\n"
write "closed\n"
write "# client\n"
write "connect tcp://localhost:8000\n"
write "connected\n"
write "read notify NOTIFYING_BARRIER\n"
write "write await AWAITING_BARRIER\n"
write "write \"echo\"\n"
write "read \"echo\"\n"
write "closed\n"

read "START\n"
read "\n"

write "STARTED\n"
write "\n"

read "AWAIT\n"
read "barrier:NOTIFYING_BARRIER\n"
read "\n"

write "NOTIFIED\n"
write "barrier:NOTIFYING_BARRIER\n"
write "\n"

read "NOTIFY\n"
read "barrier:AWAITING_BARRIER\n"
read "\n"

write "NOTIFIED\n"
write "barrier:AWAITING_BARRIER\n"
write "\n"

write "FINISHED\n"
write "content-length:233\n"
write "\n"
write "# server\n"
write "accept tcp://localhost:8000\n"
write "accepted\n"
write "connected\n"
write "read \"echo\"\n"
write "write \"echo\"\n"
write "close\n"
write "closed\n"
write "# client\n"
write "connect tcp://localhost:8000\n"
write "connected\n"
write "read notify NOTIFYING_BARRIER\n"
write "write await AWAITING_BARRIER\n"
write "write \"echo\"\n"
write "read \"echo\"\n"
write "closed\n"

close

