accept http://localhost:8000/echoauth
accepted
connected

read method "GET"
read version "HTTP/1.1"
read header "Host" "localhost:8000"
read header "Upgrade" "websocket"
read header "Connection" "Upgrade"
read header "Sec-WebSocket-Key" "dGhlIHNhbXBsZSBub25jZQ=="
read header "Sec-WebSocket-Version" "13"
read header "Sec-WebSocket-Protocol" "x-kaazing-handshake"

write status "101" "Switching Protocols"
write version "HTTP/1.1"
write header "Upgrade" "websocket"
write header "Connection" "Upgrade" 
write header "Sec-WebSocket-Accept" "s3pPLMBiTxaQ9kYGzzhZRbK+xOo="
write header "Sec-WebSocket-Protocol" "x-kaazing-handshake"
write header "Server" "Kaazing Gateway"
write header "Date" ${httpx:getDate()}
write flush

read [0x82 0x9a]
read [(:maskingKey){4}]
read option mask ${writeMask}
read "GET /echoauth HTTP/1.1\r\n"
read "\r\n"
read option mask [0x00 0x00 0x00 0x00]

# 401 Challenge
write [0x82 0x7e 0x00 0xcc]
write "HTTP/1.1 401 Unauthorized\r\n"
write "Content-Type: text/html\r\n"
write "WWW-Authenticate: Application Basic realm=\"Kaazing Gateway Demo\"\r\n"
write "Content-Length: 64\r\n"
write "\r\n"
write "<html><head></head><body><h1>401 Unauthorized</h1></body></html>"

# 401 Challenge Response
read [0x82 0xc1]
read [(:maskingKey){4}]
read option mask ${writeMask}
read "GET /echoauth HTTP/1.1\r\n"
read "Authorization: Basic am9lOndlbGNvbWU=\r\n"
read "\r\n"
read option mask [0x00 0x00 0x00 0x00]

# 101 OK response
write [0x82 0x7E 0x00 0xC9]
write "HTTP/1.1 101 WebSocket Protocol Handshake\r\n"
write "Connection: Upgrade\r\n"
write "Date: " ${httpx:getDate()} "\r\n"
write "Sec-WebSocket-Accept: s3pPLMBiTxaQ9kYGzzhZRbK+xOo=\r\n"
write "Server: Kaazing Gateway\r\n"
write "Upgrade: websocket\r\n"
write "\r\n"

